******************************************************************************
                  MSP430 Linker PC v16.9.4                     
******************************************************************************
>> Linked Sat Jan 13 23:47:15 2018

OUTPUT FILE NAME:   <Exercise_7_Taxali.out>
ENTRY POINT SYMBOL: "_c_int00_noargs_noexit"  address: 0000fe9e


MEMORY CONFIGURATION

         name            origin    length      used     unused   attr    fill
----------------------  --------  ---------  --------  --------  ----  --------
  SFR                   00000000   00000010  00000000  00000010  RWIX
  PERIPHERALS_8BIT      00000010   000000f0  00000000  000000f0  RWIX
  PERIPHERALS_16BIT     00000100   00000100  00000000  00000100  RWIX
  RAM                   00000200   00000100  00000084  0000007c  RWIX
  INFOD                 00001000   00000040  00000000  00000040  RWIX
  INFOC                 00001040   00000040  00000000  00000040  RWIX
  INFOB                 00001080   00000040  00000000  00000040  RWIX
  INFOA                 000010c0   00000040  00000000  00000040  RWIX
  FLASH                 0000f800   000007de  000007c6  00000018  RWIX
  BSLSIGNATURE          0000ffde   00000002  00000002  00000000  RWIX  ffff 
  INT00                 0000ffe0   00000002  00000002  00000000  RWIX
  INT01                 0000ffe2   00000002  00000000  00000002  RWIX
  INT02                 0000ffe4   00000002  00000002  00000000  RWIX
  INT03                 0000ffe6   00000002  00000002  00000000  RWIX
  INT04                 0000ffe8   00000002  00000000  00000002  RWIX
  INT05                 0000ffea   00000002  00000002  00000000  RWIX
  INT06                 0000ffec   00000002  00000002  00000000  RWIX
  INT07                 0000ffee   00000002  00000002  00000000  RWIX
  INT08                 0000fff0   00000002  00000002  00000000  RWIX
  INT09                 0000fff2   00000002  00000002  00000000  RWIX
  INT10                 0000fff4   00000002  00000002  00000000  RWIX
  INT11                 0000fff6   00000002  00000002  00000000  RWIX
  INT12                 0000fff8   00000002  00000002  00000000  RWIX
  INT13                 0000fffa   00000002  00000002  00000000  RWIX
  INT14                 0000fffc   00000002  00000002  00000000  RWIX
  RESET                 0000fffe   00000002  00000002  00000000  RWIX


SECTION ALLOCATION MAP

 output                                  attributes/
section   page    origin      length       input sections
--------  ----  ----------  ----------   ----------------
.bss       0    00000200    00000026     UNINITIALIZED
                  00000200    00000020     (.common:rxBuffer)
                  00000220    00000002     main.obj (.bss)
                  00000222    00000002     (.common:count)
                  00000224    00000002     (.common:temperature)

.data      0    00000226    0000000e     UNINITIALIZED
                  00000226    00000004     main.obj (.data)
                  0000022a    00000002     rts430_eabi.lib : exit_gvars.obj (.data:__TI_cleanup_ptr)
                  0000022c    00000002                     : exit_gvars.obj (.data:__TI_dtors_ptr)
                  0000022e    00000002                     : _lock.obj (.data:_lock)
                  00000230    00000002                     : _lock.obj (.data:_unlock)
                  00000232    00000002                     : exit.obj (.data)

.stack     0    000002b0    00000050     UNINITIALIZED
                  000002b0    00000002     rts430_eabi.lib : boot.obj (.stack)
                  000002b2    0000004e     --HOLE--

.text      0    0000f800    00000792     
                  0000f800    00000180     main.obj (.text:Range)
                  0000f980    00000118     main.obj (.text:main)
                  0000fa98    0000007c     rts430_eabi.lib : copy_decompress_lzss.obj (.text:decompress:lzss:__TI_decompress_lzss)
                  0000fb14    0000006e                     : autoinit.obj (.text:_auto_init)
                  0000fb82    00000062     main.obj (.text:USCI0RX_ISR)
                  0000fbe4    0000005e     main.obj (.text:initMSP)
                  0000fc42    0000005a     rts430_eabi.lib : cpy_tbl.obj (.text:copy_in)
                  0000fc9c    0000004c                     : lsr16.obj (.text)
                  0000fce8    00000044                     : exit.obj (.text:exit)
                  0000fd2c    00000042     main.obj (.text:initialize)
                  0000fd6e    0000003c     main.obj (.text:resetShift)
                  0000fdaa    00000038     main.obj (.text:Port_1)
                  0000fde2    0000002c     rts430_eabi.lib : asr16.obj (.text)
                  0000fe0e    0000002c                     : lsl16.obj (.text)
                  0000fe3a    0000002a     main.obj (.text:serialPrint)
                  0000fe64    0000001e     main.obj (.text:Timer_A)
                  0000fe82    0000001c     main.obj (.text:task1)
                  0000fe9e    0000001a     rts430_eabi.lib : boot_special.obj (.text:_c_int00_noargs_noexit)
                  0000feb8    00000018     main.obj (.text:clock)
                  0000fed0    00000016     main.obj (.text:serialPrintln)
                  0000fee6    00000014     main.obj (.text:ADCread)
                  0000fefa    00000014     rts430_eabi.lib : copy_zero_init.obj (.text:decompress:ZI:__TI_zero_init)
                  0000ff0e    00000014     main.obj (.text:initADC)
                  0000ff22    00000014     rts430_eabi.lib : mult16.obj (.text)
                  0000ff36    00000012                     : copy_decompress_none.obj (.text:decompress:none:__TI_decompress_none)
                  0000ff48    00000012                     : memcpy.obj (.text:memcpy)
                  0000ff5a    00000012     main.obj (.text:serialWrite)
                  0000ff6c    00000010     rts430_eabi.lib : epilog.obj (.text)
                  0000ff7c    00000008                     : isr_trap.obj (.text:_isr:__TI_ISR_TRAP)
                  0000ff84    00000006                     : exit.obj (.text:abort)
                  0000ff8a    00000004                     : pre_init.obj (.text:_system_pre_init)
                  0000ff8e    00000002                     : _lock.obj (.text:_nop)
                  0000ff90    00000002                     : startup.obj (.text:_system_post_cinit)

.binit     0    0000f800    00000000     

.const     0    0000ff92    00000014     
                  0000ff92    00000014     main.obj (.const:.string)

.cinit     0    0000ffa6    00000020     
                  0000ffa6    0000000e     (.cinit..data.load) [load image, compression = lzss]
                  0000ffb4    00000006     (__TI_handler_table)
                  0000ffba    00000004     (.cinit..bss.load) [load image, compression = zero_init]
                  0000ffbe    00000008     (__TI_cinit_table)

.init_array 
*          0    0000f800    00000000     UNINITIALIZED

TRAPINT    0    0000ffe0    00000002     
                  0000ffe0    00000002     rts430_eabi.lib : int00.obj (.int00)

PORT1      0    0000ffe4    00000002     
                  0000ffe4    00000002     main.obj (.int02)

PORT2      0    0000ffe6    00000002     
                  0000ffe6    00000002     rts430_eabi.lib : int03.obj (.int03)

$fill000   0    0000ffde    00000002     
                  0000ffde    00000002     --HOLE-- [fill = ffff]

ADC10      0    0000ffea    00000002     
                  0000ffea    00000002     rts430_eabi.lib : int05.obj (.int05)

USCIAB0TX 
*          0    0000ffec    00000002     
                  0000ffec    00000002     rts430_eabi.lib : int06.obj (.int06)

USCIAB0RX 
*          0    0000ffee    00000002     
                  0000ffee    00000002     main.obj (.int07)

TIMER0_A1 
*          0    0000fff0    00000002     
                  0000fff0    00000002     rts430_eabi.lib : int08.obj (.int08)

TIMER0_A0 
*          0    0000fff2    00000002     
                  0000fff2    00000002     main.obj (.int09)

WDT        0    0000fff4    00000002     
                  0000fff4    00000002     rts430_eabi.lib : int10.obj (.int10)

COMPARATORA 
*          0    0000fff6    00000002     
                  0000fff6    00000002     rts430_eabi.lib : int11.obj (.int11)

TIMER1_A1 
*          0    0000fff8    00000002     
                  0000fff8    00000002     rts430_eabi.lib : int12.obj (.int12)

TIMER1_A0 
*          0    0000fffa    00000002     
                  0000fffa    00000002     rts430_eabi.lib : int13.obj (.int13)

NMI        0    0000fffc    00000002     
                  0000fffc    00000002     rts430_eabi.lib : int14.obj (.int14)

.reset     0    0000fffe    00000002     
                  0000fffe    00000002     rts430_eabi.lib : boot.obj (.reset)

MODULE SUMMARY

       Module                     code   ro data   rw data
       ------                     ----   -------   -------
    .\
       main.obj                   1242   26        42     
    +--+--------------------------+------+---------+---------+
       Total:                     1242   26        42     
                                                          
    E:\Installed Softwares\ti\ccs730\ccsv7\tools\compiler\ti-cgt-msp430_16.9.4.LTS\lib\rts430_eabi.lib
       copy_decompress_lzss.obj   124    0         0      
       autoinit.obj               110    0         0      
       cpy_tbl.obj                90     0         0      
       exit.obj                   74     0         2      
       lsr16.obj                  76     0         0      
       asr16.obj                  44     0         0      
       lsl16.obj                  44     0         0      
       boot_special.obj           26     0         0      
       copy_zero_init.obj         20     0         0      
       mult16.obj                 20     0         0      
       copy_decompress_none.obj   18     0         0      
       memcpy.obj                 18     0         0      
       epilog.obj                 16     0         0      
       isr_trap.obj               8      0         0      
       _lock.obj                  2      0         4      
       exit_gvars.obj             0      0         4      
       pre_init.obj               4      0         0      
       boot.obj                   0      2         0      
       int00.obj                  0      2         0      
       int03.obj                  0      2         0      
       int05.obj                  0      2         0      
       int06.obj                  0      2         0      
       int08.obj                  0      2         0      
       int10.obj                  0      2         0      
       int11.obj                  0      2         0      
       int12.obj                  0      2         0      
       int13.obj                  0      2         0      
       int14.obj                  0      2         0      
       startup.obj                2      0         0      
    +--+--------------------------+------+---------+---------+
       Total:                     696    22        10     
                                                          
       Stack:                     0      0         80     
       Linker Generated:          0      32        0      
    +--+--------------------------+------+---------+---------+
       Grand Total:               1938   80        132    


LINKER GENERATED COPY TABLES

__TI_cinit_table @ 0000ffbe records: 2, size/record: 4, table size: 8
	.data: load addr=0000ffa6, load size=0000000e bytes, run addr=00000226, run size=0000000e bytes, compression=lzss
	.bss: load addr=0000ffba, load size=00000004 bytes, run addr=00000200, run size=00000026 bytes, compression=zero_init


LINKER GENERATED HANDLER TABLE

__TI_handler_table @ 0000ffb4 records: 3, size/record: 2, table size: 6
	index: 0, handler: __TI_zero_init
	index: 1, handler: __TI_decompress_lzss
	index: 2, handler: __TI_decompress_none


GLOBAL SYMBOLS: SORTED ALPHABETICALLY BY Name 

address   name                           
-------   ----                           
0000004a  ADC10AE0                       
000001b0  ADC10CTL0                      
000001b2  ADC10CTL1                      
00000048  ADC10DTC0                      
00000049  ADC10DTC1                      
000001b4  ADC10MEM                       
000001bc  ADC10SA                        
0000fee6  ADCread                        
00000057  BCSCTL1                        
00000058  BCSCTL2                        
00000053  BCSCTL3                        
0000ff84  C$$EXIT                        
00000059  CACTL1                         
0000005a  CACTL2                         
000010fb  CALBC1_12MHZ                   
000010f9  CALBC1_16MHZ                   
000010ff  CALBC1_1MHZ                    
000010fd  CALBC1_8MHZ                    
000010fa  CALDCO_12MHZ                   
000010f8  CALDCO_16MHZ                   
000010fe  CALDCO_1MHZ                    
000010fc  CALDCO_8MHZ                    
0000005b  CAPD                           
00000056  DCOCTL                         
00000128  FCTL1                          
0000012a  FCTL2                          
0000012c  FCTL3                          
00000000  IE1                            
00000001  IE2                            
00000002  IFG1                           
00000003  IFG2                           
00000022  P1DIR                          
00000025  P1IE                           
00000024  P1IES                          
00000023  P1IFG                          
00000020  P1IN                           
00000021  P1OUT                          
00000027  P1REN                          
00000026  P1SEL                          
00000041  P1SEL2                         
0000002a  P2DIR                          
0000002d  P2IE                           
0000002c  P2IES                          
0000002b  P2IFG                          
00000028  P2IN                           
00000029  P2OUT                          
0000002f  P2REN                          
0000002e  P2SEL                          
00000042  P2SEL2                         
0000001a  P3DIR                          
00000018  P3IN                           
00000019  P3OUT                          
00000010  P3REN                          
0000001b  P3SEL                          
00000043  P3SEL2                         
0000fdaa  Port_1                         
0000f800  Range                          
00000172  TA0CCR0                        
00000174  TA0CCR1                        
00000176  TA0CCR2                        
00000162  TA0CCTL0                       
00000164  TA0CCTL1                       
00000166  TA0CCTL2                       
00000160  TA0CTL                         
0000012e  TA0IV                          
00000170  TA0R                           
00000192  TA1CCR0                        
00000194  TA1CCR1                        
00000196  TA1CCR2                        
00000182  TA1CCTL0                       
00000184  TA1CCTL1                       
00000186  TA1CCTL2                       
00000180  TA1CTL                         
0000011e  TA1IV                          
00000190  TA1R                           
000010db  TLV_ADC10_1_LEN                
000010da  TLV_ADC10_1_TAG                
000010c0  TLV_CHECKSUM                   
000010f7  TLV_DCO_30_LEN                 
000010f6  TLV_DCO_30_TAG                 
0000fe64  Timer_A                        
0000005d  UCA0ABCTL                      
00000062  UCA0BR0                        
00000063  UCA0BR1                        
00000060  UCA0CTL0                       
00000061  UCA0CTL1                       
0000005f  UCA0IRRCTL                     
0000005e  UCA0IRTCTL                     
00000064  UCA0MCTL                       
00000066  UCA0RXBUF                      
00000065  UCA0STAT                       
00000067  UCA0TXBUF                      
0000006a  UCB0BR0                        
0000006b  UCB0BR1                        
00000068  UCB0CTL0                       
00000069  UCB0CTL1                       
0000006c  UCB0I2CIE                      
00000118  UCB0I2COA                      
0000011a  UCB0I2CSA                      
0000006e  UCB0RXBUF                      
0000006d  UCB0STAT                       
0000006f  UCB0TXBUF                      
0000fb82  USCI0RX_ISR                    
00000120  WDTCTL                         
00000300  __STACK_END                    
00000050  __STACK_SIZE                   
UNDEFED   __TI_BINIT_Base                
UNDEFED   __TI_BINIT_Limit               
0000ffbe  __TI_CINIT_Base                
0000ffc6  __TI_CINIT_Limit               
0000ffb4  __TI_Handler_Table_Base        
0000ffba  __TI_Handler_Table_Limit       
UNDEFED   __TI_INITARRAY_Base            
UNDEFED   __TI_INITARRAY_Limit           
0000ff7c  __TI_ISR_TRAP                  
0000022a  __TI_cleanup_ptr               
0000fa98  __TI_decompress_lzss           
0000ff36  __TI_decompress_none           
0000022c  __TI_dtors_ptr                 
00000232  __TI_enable_exit_profile_output
0000ffe0  __TI_int00                     
0000ffe4  __TI_int02                     
0000ffe6  __TI_int03                     
0000ffea  __TI_int05                     
0000ffec  __TI_int06                     
0000ffee  __TI_int07                     
0000fff0  __TI_int08                     
0000fff2  __TI_int09                     
0000fff4  __TI_int10                     
0000fff6  __TI_int11                     
0000fff8  __TI_int12                     
0000fffa  __TI_int13                     
0000fffc  __TI_int14                     
ffffffff  __TI_pprof_out_hndl            
ffffffff  __TI_prof_data_size            
ffffffff  __TI_prof_data_start           
0000fefa  __TI_zero_init                 
ffffffff  __c_args__                     
0000ff78  __mspabi_func_epilog_1         
0000ff76  __mspabi_func_epilog_2         
0000ff74  __mspabi_func_epilog_3         
0000ff72  __mspabi_func_epilog_4         
0000ff70  __mspabi_func_epilog_5         
0000ff6e  __mspabi_func_epilog_6         
0000ff6c  __mspabi_func_epilog_7         
0000ff22  __mspabi_mpyi                  
0000ff22  __mspabi_mpyi_sw               
0000fe0e  __mspabi_slli                  
0000fe36  __mspabi_slli_1                
0000fe24  __mspabi_slli_10               
0000fe22  __mspabi_slli_11               
0000fe20  __mspabi_slli_12               
0000fe1e  __mspabi_slli_13               
0000fe1c  __mspabi_slli_14               
0000fe1a  __mspabi_slli_15               
0000fe34  __mspabi_slli_2                
0000fe32  __mspabi_slli_3                
0000fe30  __mspabi_slli_4                
0000fe2e  __mspabi_slli_5                
0000fe2c  __mspabi_slli_6                
0000fe2a  __mspabi_slli_7                
0000fe28  __mspabi_slli_8                
0000fe26  __mspabi_slli_9                
0000fde2  __mspabi_srai                  
0000fe0a  __mspabi_srai_1                
0000fdf8  __mspabi_srai_10               
0000fdf6  __mspabi_srai_11               
0000fdf4  __mspabi_srai_12               
0000fdf2  __mspabi_srai_13               
0000fdf0  __mspabi_srai_14               
0000fdee  __mspabi_srai_15               
0000fe08  __mspabi_srai_2                
0000fe06  __mspabi_srai_3                
0000fe04  __mspabi_srai_4                
0000fe02  __mspabi_srai_5                
0000fe00  __mspabi_srai_6                
0000fdfe  __mspabi_srai_7                
0000fdfc  __mspabi_srai_8                
0000fdfa  __mspabi_srai_9                
0000fc9c  __mspabi_srli                  
0000fce2  __mspabi_srli_1                
0000fcbe  __mspabi_srli_10               
0000fcba  __mspabi_srli_11               
0000fcb6  __mspabi_srli_12               
0000fcb2  __mspabi_srli_13               
0000fcae  __mspabi_srli_14               
0000fcaa  __mspabi_srli_15               
0000fcde  __mspabi_srli_2                
0000fcda  __mspabi_srli_3                
0000fcd6  __mspabi_srli_4                
0000fcd2  __mspabi_srli_5                
0000fcce  __mspabi_srli_6                
0000fcca  __mspabi_srli_7                
0000fcc6  __mspabi_srli_8                
0000fcc2  __mspabi_srli_9                
0000fb14  _auto_init                     
0000fe9e  _c_int00_noargs_noexit         
0000022e  _lock                          
0000ff8e  _nop                           
0000fffe  _reset_vector                  
000002b0  _stack                         
0000ff90  _system_post_cinit             
0000ff8a  _system_pre_init               
00000230  _unlock                        
0000ff84  abort                          
0000feb8  clock                          
0000fc42  copy_in                        
00000222  count                          
00000229  echoBack                       
0000fce8  exit                           
0000ff0e  initADC                        
0000fbe4  initMSP                        
0000fd2c  initialize                     
0000f980  main                           
0000ff48  memcpy                         
0000fd6e  resetShift                     
00000200  rxBuffer                       
00000227  rxBufferEnd                    
00000228  rxBufferError                  
00000226  rxBufferStart                  
0000fe3a  serialPrint                    
0000fed0  serialPrintln                  
0000ff5a  serialWrite                    
0000fe82  task1                          
00000224  temperature                    


GLOBAL SYMBOLS: SORTED BY Symbol Address 

address   name                           
-------   ----                           
00000000  IE1                            
00000001  IE2                            
00000002  IFG1                           
00000003  IFG2                           
00000010  P3REN                          
00000018  P3IN                           
00000019  P3OUT                          
0000001a  P3DIR                          
0000001b  P3SEL                          
00000020  P1IN                           
00000021  P1OUT                          
00000022  P1DIR                          
00000023  P1IFG                          
00000024  P1IES                          
00000025  P1IE                           
00000026  P1SEL                          
00000027  P1REN                          
00000028  P2IN                           
00000029  P2OUT                          
0000002a  P2DIR                          
0000002b  P2IFG                          
0000002c  P2IES                          
0000002d  P2IE                           
0000002e  P2SEL                          
0000002f  P2REN                          
00000041  P1SEL2                         
00000042  P2SEL2                         
00000043  P3SEL2                         
00000048  ADC10DTC0                      
00000049  ADC10DTC1                      
0000004a  ADC10AE0                       
00000050  __STACK_SIZE                   
00000053  BCSCTL3                        
00000056  DCOCTL                         
00000057  BCSCTL1                        
00000058  BCSCTL2                        
00000059  CACTL1                         
0000005a  CACTL2                         
0000005b  CAPD                           
0000005d  UCA0ABCTL                      
0000005e  UCA0IRTCTL                     
0000005f  UCA0IRRCTL                     
00000060  UCA0CTL0                       
00000061  UCA0CTL1                       
00000062  UCA0BR0                        
00000063  UCA0BR1                        
00000064  UCA0MCTL                       
00000065  UCA0STAT                       
00000066  UCA0RXBUF                      
00000067  UCA0TXBUF                      
00000068  UCB0CTL0                       
00000069  UCB0CTL1                       
0000006a  UCB0BR0                        
0000006b  UCB0BR1                        
0000006c  UCB0I2CIE                      
0000006d  UCB0STAT                       
0000006e  UCB0RXBUF                      
0000006f  UCB0TXBUF                      
00000118  UCB0I2COA                      
0000011a  UCB0I2CSA                      
0000011e  TA1IV                          
00000120  WDTCTL                         
00000128  FCTL1                          
0000012a  FCTL2                          
0000012c  FCTL3                          
0000012e  TA0IV                          
00000160  TA0CTL                         
00000162  TA0CCTL0                       
00000164  TA0CCTL1                       
00000166  TA0CCTL2                       
00000170  TA0R                           
00000172  TA0CCR0                        
00000174  TA0CCR1                        
00000176  TA0CCR2                        
00000180  TA1CTL                         
00000182  TA1CCTL0                       
00000184  TA1CCTL1                       
00000186  TA1CCTL2                       
00000190  TA1R                           
00000192  TA1CCR0                        
00000194  TA1CCR1                        
00000196  TA1CCR2                        
000001b0  ADC10CTL0                      
000001b2  ADC10CTL1                      
000001b4  ADC10MEM                       
000001bc  ADC10SA                        
00000200  rxBuffer                       
00000222  count                          
00000224  temperature                    
00000226  rxBufferStart                  
00000227  rxBufferEnd                    
00000228  rxBufferError                  
00000229  echoBack                       
0000022a  __TI_cleanup_ptr               
0000022c  __TI_dtors_ptr                 
0000022e  _lock                          
00000230  _unlock                        
00000232  __TI_enable_exit_profile_output
000002b0  _stack                         
00000300  __STACK_END                    
000010c0  TLV_CHECKSUM                   
000010da  TLV_ADC10_1_TAG                
000010db  TLV_ADC10_1_LEN                
000010f6  TLV_DCO_30_TAG                 
000010f7  TLV_DCO_30_LEN                 
000010f8  CALDCO_16MHZ                   
000010f9  CALBC1_16MHZ                   
000010fa  CALDCO_12MHZ                   
000010fb  CALBC1_12MHZ                   
000010fc  CALDCO_8MHZ                    
000010fd  CALBC1_8MHZ                    
000010fe  CALDCO_1MHZ                    
000010ff  CALBC1_1MHZ                    
0000f800  Range                          
0000f980  main                           
0000fa98  __TI_decompress_lzss           
0000fb14  _auto_init                     
0000fb82  USCI0RX_ISR                    
0000fbe4  initMSP                        
0000fc42  copy_in                        
0000fc9c  __mspabi_srli                  
0000fcaa  __mspabi_srli_15               
0000fcae  __mspabi_srli_14               
0000fcb2  __mspabi_srli_13               
0000fcb6  __mspabi_srli_12               
0000fcba  __mspabi_srli_11               
0000fcbe  __mspabi_srli_10               
0000fcc2  __mspabi_srli_9                
0000fcc6  __mspabi_srli_8                
0000fcca  __mspabi_srli_7                
0000fcce  __mspabi_srli_6                
0000fcd2  __mspabi_srli_5                
0000fcd6  __mspabi_srli_4                
0000fcda  __mspabi_srli_3                
0000fcde  __mspabi_srli_2                
0000fce2  __mspabi_srli_1                
0000fce8  exit                           
0000fd2c  initialize                     
0000fd6e  resetShift                     
0000fdaa  Port_1                         
0000fde2  __mspabi_srai                  
0000fdee  __mspabi_srai_15               
0000fdf0  __mspabi_srai_14               
0000fdf2  __mspabi_srai_13               
0000fdf4  __mspabi_srai_12               
0000fdf6  __mspabi_srai_11               
0000fdf8  __mspabi_srai_10               
0000fdfa  __mspabi_srai_9                
0000fdfc  __mspabi_srai_8                
0000fdfe  __mspabi_srai_7                
0000fe00  __mspabi_srai_6                
0000fe02  __mspabi_srai_5                
0000fe04  __mspabi_srai_4                
0000fe06  __mspabi_srai_3                
0000fe08  __mspabi_srai_2                
0000fe0a  __mspabi_srai_1                
0000fe0e  __mspabi_slli                  
0000fe1a  __mspabi_slli_15               
0000fe1c  __mspabi_slli_14               
0000fe1e  __mspabi_slli_13               
0000fe20  __mspabi_slli_12               
0000fe22  __mspabi_slli_11               
0000fe24  __mspabi_slli_10               
0000fe26  __mspabi_slli_9                
0000fe28  __mspabi_slli_8                
0000fe2a  __mspabi_slli_7                
0000fe2c  __mspabi_slli_6                
0000fe2e  __mspabi_slli_5                
0000fe30  __mspabi_slli_4                
0000fe32  __mspabi_slli_3                
0000fe34  __mspabi_slli_2                
0000fe36  __mspabi_slli_1                
0000fe3a  serialPrint                    
0000fe64  Timer_A                        
0000fe82  task1                          
0000fe9e  _c_int00_noargs_noexit         
0000feb8  clock                          
0000fed0  serialPrintln                  
0000fee6  ADCread                        
0000fefa  __TI_zero_init                 
0000ff0e  initADC                        
0000ff22  __mspabi_mpyi                  
0000ff22  __mspabi_mpyi_sw               
0000ff36  __TI_decompress_none           
0000ff48  memcpy                         
0000ff5a  serialWrite                    
0000ff6c  __mspabi_func_epilog_7         
0000ff6e  __mspabi_func_epilog_6         
0000ff70  __mspabi_func_epilog_5         
0000ff72  __mspabi_func_epilog_4         
0000ff74  __mspabi_func_epilog_3         
0000ff76  __mspabi_func_epilog_2         
0000ff78  __mspabi_func_epilog_1         
0000ff7c  __TI_ISR_TRAP                  
0000ff84  C$$EXIT                        
0000ff84  abort                          
0000ff8a  _system_pre_init               
0000ff8e  _nop                           
0000ff90  _system_post_cinit             
0000ffb4  __TI_Handler_Table_Base        
0000ffba  __TI_Handler_Table_Limit       
0000ffbe  __TI_CINIT_Base                
0000ffc6  __TI_CINIT_Limit               
0000ffe0  __TI_int00                     
0000ffe4  __TI_int02                     
0000ffe6  __TI_int03                     
0000ffea  __TI_int05                     
0000ffec  __TI_int06                     
0000ffee  __TI_int07                     
0000fff0  __TI_int08                     
0000fff2  __TI_int09                     
0000fff4  __TI_int10                     
0000fff6  __TI_int11                     
0000fff8  __TI_int12                     
0000fffa  __TI_int13                     
0000fffc  __TI_int14                     
0000fffe  _reset_vector                  
ffffffff  __TI_pprof_out_hndl            
ffffffff  __TI_prof_data_size            
ffffffff  __TI_prof_data_start           
ffffffff  __c_args__                     
UNDEFED   __TI_BINIT_Base                
UNDEFED   __TI_BINIT_Limit               
UNDEFED   __TI_INITARRAY_Base            
UNDEFED   __TI_INITARRAY_Limit           

[225 symbols]
