******************************************************************************
                  MSP430 Linker PC v17.9.0                     
******************************************************************************
>> Linked Sat Feb  3 22:50:16 2018

OUTPUT FILE NAME:   <Exercise_9_Gupta.out>
ENTRY POINT SYMBOL: "_c_int00_noargs"  address: 0000c9fe


MEMORY CONFIGURATION

         name            origin    length      used     unused   attr    fill
----------------------  --------  ---------  --------  --------  ----  --------
  SFR                   00000000   00000010  00000000  00000010  RWIX
  PERIPHERALS_8BIT      00000010   000000f0  00000000  000000f0  RWIX
  PERIPHERALS_16BIT     00000100   00000100  00000000  00000100  RWIX
  RAM                   00000200   00000200  000001cc  00000034  RWIX
  INFOD                 00001000   00000040  00000000  00000040  RWIX
  INFOC                 00001040   00000040  00000000  00000040  RWIX
  INFOB                 00001080   00000040  00000000  00000040  RWIX
  INFOA                 000010c0   00000040  00000000  00000040  RWIX
  FLASH                 0000c000   00003fde  00000bcc  00003412  RWIX
  BSLSIGNATURE          0000ffde   00000002  00000002  00000000  RWIX  ffff 
  INT00                 0000ffe0   00000002  00000002  00000000  RWIX
  INT01                 0000ffe2   00000002  00000000  00000002  RWIX
  INT02                 0000ffe4   00000002  00000002  00000000  RWIX
  INT03                 0000ffe6   00000002  00000002  00000000  RWIX
  INT04                 0000ffe8   00000002  00000000  00000002  RWIX
  INT05                 0000ffea   00000002  00000002  00000000  RWIX
  INT06                 0000ffec   00000002  00000002  00000000  RWIX
  INT07                 0000ffee   00000002  00000002  00000000  RWIX
  INT08                 0000fff0   00000002  00000002  00000000  RWIX
  INT09                 0000fff2   00000002  00000002  00000000  RWIX
  INT10                 0000fff4   00000002  00000002  00000000  RWIX
  INT11                 0000fff6   00000002  00000002  00000000  RWIX
  INT12                 0000fff8   00000002  00000002  00000000  RWIX
  INT13                 0000fffa   00000002  00000002  00000000  RWIX
  INT14                 0000fffc   00000002  00000002  00000000  RWIX
  RESET                 0000fffe   00000002  00000002  00000000  RWIX


SECTION ALLOCATION MAP

 output                                  attributes/
section   page    origin      length       input sections
--------  ----  ----------  ----------   ----------------
.bss       0    00000320    00000050     UNINITIALIZED
                  00000320    00000020     (.common:rxBuffer)
                  00000340    00000008     (.common:code)
                  00000348    00000008     (.common:gencode)
                  00000350    00000008     (.common:parmbuf)
                  00000358    00000002     (.common:PB1)
                  0000035a    00000002     (.common:PB2)
                  0000035c    00000002     (.common:PB3)
                  0000035e    00000002     (.common:PB4)
                  00000360    00000002     (.common:count)
                  00000362    00000002     (.common:j)
                  00000364    00000002     (.common:r)
                  00000366    00000002     (.common:s)
                  00000368    00000002     (.common:total)
                  0000036a    00000002     (.common:win)
                  0000036c    00000002     (.common:x)
                  0000036e    00000002     (.common:z)

.data      0    00000370    0000000c     UNINITIALIZED
                  00000370    00000004     Exercise_9_Gupta.obj (.data)
                  00000374    00000004     rts430_eabi.lib : rand.obj (.data)
                  00000378    00000002                     : _lock.obj (.data:_lock)
                  0000037a    00000002                     : _lock.obj (.data:_unlock)

.stack     0    000003b0    00000050     UNINITIALIZED
                  000003b0    00000002     rts430_eabi.lib : boot.obj (.stack)
                  000003b2    0000004e     --HOLE--

.text      0    0000c000    00000b68     
                  0000c000    00000250     Exercise_9_Gupta.obj (.text:main)
                  0000c250    000000ac     Exercise_9_Gupta.obj (.text:serialPrintInt)
                  0000c2fc    000000a6     Exercise_9_Gupta.obj (.text:ledglow)
                  0000c3a2    00000080     Exercise_9_Gupta.obj (.text:randomcode)
                  0000c422    0000007c     rts430_eabi.lib : copy_decompress_lzss.obj (.text:decompress:lzss:__TI_decompress_lzss)
                  0000c49e    00000078     Exercise_9_Gupta.obj (.text:tune1)
                  0000c516    00000078     Exercise_9_Gupta.obj (.text:tune2)
                  0000c58e    00000064     Exercise_9_Gupta.obj (.text:readButtons)
                  0000c5f2    00000062     Exercise_9_Gupta.obj (.text:USCI0RX_ISR)
                  0000c654    0000005e     Exercise_9_Gupta.obj (.text:initMSP)
                  0000c6b2    00000054     Exercise_9_Gupta.obj (.text:initial)
                  0000c706    00000050     rts430_eabi.lib : hosttime.obj (.text:HOSTtime)
                  0000c756    0000004c                     : lsr16.obj (.text)
                  0000c7a2    00000048     Exercise_9_Gupta.obj (.text:assignbutton)
                  0000c7ea    00000042     rts430_eabi.lib : autoinit.obj (.text:__TI_auto_init_nobinit_nopinit:__TI_auto_init_nobinit_nopinit)
                  0000c82c    0000003e                     : lsl32.obj (.text:l_lsl_const)
                  0000c86a    00000038                     : rand.obj (.text:rand)
                  0000c8a2    0000002e                     : trgmsg.obj (.text:__TI_writemsg)
                  0000c8d0    0000002e     Exercise_9_Gupta.obj (.text:play)
                  0000c8fe    0000002c     rts430_eabi.lib : trgmsg.obj (.text:__TI_readmsg)
                  0000c92a    0000002c                     : asr16.obj (.text)
                  0000c956    0000002c                     : div16s.obj (.text)
                  0000c982    0000002c                     : lsl16.obj (.text)
                  0000c9ae    0000002a     Exercise_9_Gupta.obj (.text:serialPrint)
                  0000c9d8    00000026     rts430_eabi.lib : mult32.obj (.text)
                  0000c9fe    0000001c                     : boot.obj (.text:_c_int00_noargs)
                  0000ca1a    0000001a     Exercise_9_Gupta.obj (.text:enableinterrupt)
                  0000ca34    0000001a     Exercise_9_Gupta.obj (.text:holdvalue)
                  0000ca4e    00000018     rts430_eabi.lib : time.obj (.text:__time32)
                  0000ca66    00000018     Exercise_9_Gupta.obj (.text:clck)
                  0000ca7e    00000018     rts430_eabi.lib : rand.obj (.text:srand)
                  0000ca96    00000016                     : div16u.obj (.text)
                  0000caac    00000016     Exercise_9_Gupta.obj (.text:serialPrintln)
                  0000cac2    00000014     rts430_eabi.lib : copy_zero_init.obj (.text:decompress:ZI:__TI_zero_init_nomemset:__TI_zero_init_nomemset)
                  0000cad6    00000012     Exercise_9_Gupta.obj (.text:Port_1)
                  0000cae8    00000012     rts430_eabi.lib : copy_decompress_none.obj (.text:decompress:none:__TI_decompress_none)
                  0000cafa    00000012                     : memcpy.obj (.text:memcpy)
                  0000cb0c    00000012     Exercise_9_Gupta.obj (.text:serialWrite)
                  0000cb1e    00000010     rts430_eabi.lib : epilog.obj (.text)
                  0000cb2e    0000000e     Exercise_9_Gupta.obj (.text:clreg)
                  0000cb3c    0000000c     Exercise_9_Gupta.obj (.text:shiftButtons)
                  0000cb48    0000000a     Exercise_9_Gupta.obj (.text:rshift2)
                  0000cb52    00000008     rts430_eabi.lib : isr_trap.obj (.text:_isr:__TI_ISR_TRAP)
                  0000cb5a    00000006                     : exit.obj (.text:abort)
                  0000cb60    00000004                     : pre_init.obj (.text:_system_pre_init)
                  0000cb64    00000002                     : _lock.obj (.text:_nop)
                  0000cb66    00000002                     : startup.obj (.text:_system_post_cinit)

.const     0    0000cb68    00000042     
                  0000cb68    00000012     Exercise_9_Gupta.obj (.const:.string)
                  0000cb7a    0000000c     Exercise_9_Gupta.obj (.const:$P$T0$1)
                  0000cb86    0000000c     Exercise_9_Gupta.obj (.const:$P$T1$2)
                  0000cb92    0000000c     Exercise_9_Gupta.obj (.const:$P$T2$3)
                  0000cb9e    0000000c     Exercise_9_Gupta.obj (.const:$P$T3$4)

.cinit     0    0000cbaa    00000022     
                  0000cbaa    0000000f     (.cinit..data.load) [load image, compression = lzss]
                  0000cbb9    00000001     --HOLE-- [fill = 0]
                  0000cbba    00000006     (__TI_handler_table)
                  0000cbc0    00000004     (.cinit..bss.load) [load image, compression = zero_init]
                  0000cbc4    00000008     (__TI_cinit_table)

.cio       0    00000200    00000120     UNINITIALIZED
                  00000200    00000120     rts430_eabi.lib : trgmsg.obj (.cio)

.binit     0    0000c000    00000000     

.init_array 
*          0    0000c000    00000000     UNINITIALIZED

TRAPINT    0    0000ffe0    00000002     
                  0000ffe0    00000002     rts430_eabi.lib : int00.obj (.int00)

PORT1      0    0000ffe4    00000002     
                  0000ffe4    00000002     Exercise_9_Gupta.obj (.int02)

PORT2      0    0000ffe6    00000002     
                  0000ffe6    00000002     rts430_eabi.lib : int03.obj (.int03)

ADC10      0    0000ffea    00000002     
                  0000ffea    00000002     rts430_eabi.lib : int05.obj (.int05)

USCIAB0TX 
*          0    0000ffec    00000002     
                  0000ffec    00000002     rts430_eabi.lib : int06.obj (.int06)

USCIAB0RX 
*          0    0000ffee    00000002     
                  0000ffee    00000002     Exercise_9_Gupta.obj (.int07)

TIMER0_A1 
*          0    0000fff0    00000002     
                  0000fff0    00000002     rts430_eabi.lib : int08.obj (.int08)

TIMER0_A0 
*          0    0000fff2    00000002     
                  0000fff2    00000002     rts430_eabi.lib : int09.obj (.int09)

WDT        0    0000fff4    00000002     
                  0000fff4    00000002     rts430_eabi.lib : int10.obj (.int10)

COMPARATORA 
*          0    0000fff6    00000002     
                  0000fff6    00000002     rts430_eabi.lib : int11.obj (.int11)

TIMER1_A1 
*          0    0000fff8    00000002     
                  0000fff8    00000002     rts430_eabi.lib : int12.obj (.int12)

TIMER1_A0 
*          0    0000fffa    00000002     
                  0000fffa    00000002     rts430_eabi.lib : int13.obj (.int13)

NMI        0    0000fffc    00000002     
                  0000fffc    00000002     rts430_eabi.lib : int14.obj (.int14)

.reset     0    0000fffe    00000002     
                  0000fffe    00000002     rts430_eabi.lib : boot.obj (.reset)

$fill000   0    0000ffde    00000002     
                  0000ffde    00000002     --HOLE-- [fill = ffff]

MODULE SUMMARY

       Module                     code   ro data   rw data
       ------                     ----   -------   -------
    .\
       Exercise_9_Gupta.obj       2004   70        76     
    +--+--------------------------+------+---------+---------+
       Total:                     2004   70        76     
                                                          
    C:\ti\ccsv7\tools\compiler\ti-cgt-msp430_17.9.0.STS\lib\rts430_eabi.lib
       trgmsg.obj                 90     0         288    
       copy_decompress_lzss.obj   124    0         0      
       rand.obj                   80     0         4      
       hosttime.obj               80     0         0      
       lsr16.obj                  76     0         0      
       autoinit.obj               66     0         0      
       lsl32.obj                  62     0         0      
       asr16.obj                  44     0         0      
       div16s.obj                 44     0         0      
       lsl16.obj                  44     0         0      
       mult32.obj                 38     0         0      
       boot.obj                   28     2         0      
       time.obj                   24     0         0      
       div16u.obj                 22     0         0      
       copy_zero_init.obj         20     0         0      
       copy_decompress_none.obj   18     0         0      
       memcpy.obj                 18     0         0      
       epilog.obj                 16     0         0      
       hostopen.obj               0      0         8      
       isr_trap.obj               8      0         0      
       _lock.obj                  2      0         4      
       exit.obj                   6      0         0      
       pre_init.obj               4      0         0      
       int00.obj                  0      2         0      
       int03.obj                  0      2         0      
       int05.obj                  0      2         0      
       int06.obj                  0      2         0      
       int08.obj                  0      2         0      
       int09.obj                  0      2         0      
       int10.obj                  0      2         0      
       int11.obj                  0      2         0      
       int12.obj                  0      2         0      
       int13.obj                  0      2         0      
       int14.obj                  0      2         0      
       startup.obj                2      0         0      
    +--+--------------------------+------+---------+---------+
       Total:                     916    24        304    
                                                          
       Stack:                     0      0         80     
       Linker Generated:          0      33        0      
    +--+--------------------------+------+---------+---------+
       Grand Total:               2920   127       460    


LINKER GENERATED COPY TABLES

__TI_cinit_table @ 0000cbc4 records: 2, size/record: 4, table size: 8
	.data: load addr=0000cbaa, load size=0000000f bytes, run addr=00000370, run size=0000000c bytes, compression=lzss
	.bss: load addr=0000cbc0, load size=00000004 bytes, run addr=00000320, run size=00000050 bytes, compression=zero_init


LINKER GENERATED HANDLER TABLE

__TI_handler_table @ 0000cbba records: 3, size/record: 2, table size: 6
	index: 0, handler: __TI_zero_init
	index: 1, handler: __TI_decompress_lzss
	index: 2, handler: __TI_decompress_none


GLOBAL SYMBOLS: SORTED ALPHABETICALLY BY Name 

address   name                          
-------   ----                          
0000004a  ADC10AE0                      
000001b0  ADC10CTL0                     
000001b2  ADC10CTL1                     
00000048  ADC10DTC0                     
00000049  ADC10DTC1                     
000001b4  ADC10MEM                      
000001bc  ADC10SA                       
00000057  BCSCTL1                       
00000058  BCSCTL2                       
00000053  BCSCTL3                       
0000cb5a  C$$EXIT                       
0000c8cc  C$$IO$$                       
00000059  CACTL1                        
0000005a  CACTL2                        
000010fb  CALBC1_12MHZ                  
000010f9  CALBC1_16MHZ                  
000010ff  CALBC1_1MHZ                   
000010fd  CALBC1_8MHZ                   
000010fa  CALDCO_12MHZ                  
000010f8  CALDCO_16MHZ                  
000010fe  CALDCO_1MHZ                   
000010fc  CALDCO_8MHZ                   
0000005b  CAPD                          
00000056  DCOCTL                        
00000128  FCTL1                         
0000012a  FCTL2                         
0000012c  FCTL3                         
0000c706  HOSTtime                      
00000000  IE1                           
00000001  IE2                           
00000002  IFG1                          
00000003  IFG2                          
00000022  P1DIR                         
00000025  P1IE                          
00000024  P1IES                         
00000023  P1IFG                         
00000020  P1IN                          
00000021  P1OUT                         
00000027  P1REN                         
00000026  P1SEL                         
00000041  P1SEL2                        
0000002a  P2DIR                         
0000002d  P2IE                          
0000002c  P2IES                         
0000002b  P2IFG                         
00000028  P2IN                          
00000029  P2OUT                         
0000002f  P2REN                         
0000002e  P2SEL                         
00000042  P2SEL2                        
0000001a  P3DIR                         
00000018  P3IN                          
00000019  P3OUT                         
00000010  P3REN                         
0000001b  P3SEL                         
00000043  P3SEL2                        
00000358  PB1                           
0000035a  PB2                           
0000035c  PB3                           
0000035e  PB4                           
0000cad6  Port_1                        
00000172  TA0CCR0                       
00000174  TA0CCR1                       
00000176  TA0CCR2                       
00000162  TA0CCTL0                      
00000164  TA0CCTL1                      
00000166  TA0CCTL2                      
00000160  TA0CTL                        
0000012e  TA0IV                         
00000170  TA0R                          
00000192  TA1CCR0                       
00000194  TA1CCR1                       
00000196  TA1CCR2                       
00000182  TA1CCTL0                      
00000184  TA1CCTL1                      
00000186  TA1CCTL2                      
00000180  TA1CTL                        
0000011e  TA1IV                         
00000190  TA1R                          
000010db  TLV_ADC10_1_LEN               
000010da  TLV_ADC10_1_TAG               
000010c0  TLV_CHECKSUM                  
000010f7  TLV_DCO_30_LEN                
000010f6  TLV_DCO_30_TAG                
0000005d  UCA0ABCTL                     
00000062  UCA0BR0                       
00000063  UCA0BR1                       
00000060  UCA0CTL0                      
00000061  UCA0CTL1                      
0000005f  UCA0IRRCTL                    
0000005e  UCA0IRTCTL                    
00000064  UCA0MCTL                      
00000066  UCA0RXBUF                     
00000065  UCA0STAT                      
00000067  UCA0TXBUF                     
0000006a  UCB0BR0                       
0000006b  UCB0BR1                       
00000068  UCB0CTL0                      
00000069  UCB0CTL1                      
0000006c  UCB0I2CIE                     
00000118  UCB0I2COA                     
0000011a  UCB0I2CSA                     
0000006e  UCB0RXBUF                     
0000006d  UCB0STAT                      
0000006f  UCB0TXBUF                     
0000c5f2  USCI0RX_ISR                   
00000120  WDTCTL                        
00000200  _CIOBUF_                      
00000400  __STACK_END                   
00000050  __STACK_SIZE                  
0000cbc4  __TI_CINIT_Base               
0000cbcc  __TI_CINIT_Limit              
0000cbba  __TI_Handler_Table_Base       
0000cbc0  __TI_Handler_Table_Limit      
0000cb52  __TI_ISR_TRAP                 
0000c7ea  __TI_auto_init_nobinit_nopinit
0000c422  __TI_decompress_lzss          
0000cae8  __TI_decompress_none          
0000ffe0  __TI_int00                    
0000ffe4  __TI_int02                    
0000ffe6  __TI_int03                    
0000ffea  __TI_int05                    
0000ffec  __TI_int06                    
0000ffee  __TI_int07                    
0000fff0  __TI_int08                    
0000fff2  __TI_int09                    
0000fff4  __TI_int10                    
0000fff6  __TI_int11                    
0000fff8  __TI_int12                    
0000fffa  __TI_int13                    
0000fffc  __TI_int14                    
ffffffff  __TI_pprof_out_hndl           
ffffffff  __TI_prof_data_size           
ffffffff  __TI_prof_data_start          
0000c8fe  __TI_readmsg                  
0000c8a2  __TI_writemsg                 
0000cac2  __TI_zero_init_nomemset       
ffffffff  __c_args__                    
0000c956  __mspabi_divi                 
0000ca96  __mspabi_divu                 
0000cb2a  __mspabi_func_epilog_1        
0000cb28  __mspabi_func_epilog_2        
0000cb26  __mspabi_func_epilog_3        
0000cb24  __mspabi_func_epilog_4        
0000cb22  __mspabi_func_epilog_5        
0000cb20  __mspabi_func_epilog_6        
0000cb1e  __mspabi_func_epilog_7        
0000c9d8  __mspabi_mpyl                 
0000c9d8  __mspabi_mpyl_sw              
0000c956  __mspabi_remi                 
0000ca96  __mspabi_remu                 
0000c982  __mspabi_slli                 
0000c9aa  __mspabi_slli_1               
0000c998  __mspabi_slli_10              
0000c996  __mspabi_slli_11              
0000c994  __mspabi_slli_12              
0000c992  __mspabi_slli_13              
0000c990  __mspabi_slli_14              
0000c98e  __mspabi_slli_15              
0000c9a8  __mspabi_slli_2               
0000c9a6  __mspabi_slli_3               
0000c9a4  __mspabi_slli_4               
0000c9a2  __mspabi_slli_5               
0000c9a0  __mspabi_slli_6               
0000c99e  __mspabi_slli_7               
0000c99c  __mspabi_slli_8               
0000c99a  __mspabi_slli_9               
0000c864  __mspabi_slll_1               
0000c840  __mspabi_slll_10              
0000c83c  __mspabi_slll_11              
0000c838  __mspabi_slll_12              
0000c834  __mspabi_slll_13              
0000c830  __mspabi_slll_14              
0000c82c  __mspabi_slll_15              
0000c860  __mspabi_slll_2               
0000c85c  __mspabi_slll_3               
0000c858  __mspabi_slll_4               
0000c854  __mspabi_slll_5               
0000c850  __mspabi_slll_6               
0000c84c  __mspabi_slll_7               
0000c848  __mspabi_slll_8               
0000c844  __mspabi_slll_9               
0000c92a  __mspabi_srai                 
0000c952  __mspabi_srai_1               
0000c940  __mspabi_srai_10              
0000c93e  __mspabi_srai_11              
0000c93c  __mspabi_srai_12              
0000c93a  __mspabi_srai_13              
0000c938  __mspabi_srai_14              
0000c936  __mspabi_srai_15              
0000c950  __mspabi_srai_2               
0000c94e  __mspabi_srai_3               
0000c94c  __mspabi_srai_4               
0000c94a  __mspabi_srai_5               
0000c948  __mspabi_srai_6               
0000c946  __mspabi_srai_7               
0000c944  __mspabi_srai_8               
0000c942  __mspabi_srai_9               
0000c756  __mspabi_srli                 
0000c79c  __mspabi_srli_1               
0000c778  __mspabi_srli_10              
0000c774  __mspabi_srli_11              
0000c770  __mspabi_srli_12              
0000c76c  __mspabi_srli_13              
0000c768  __mspabi_srli_14              
0000c764  __mspabi_srli_15              
0000c798  __mspabi_srli_2               
0000c794  __mspabi_srli_3               
0000c790  __mspabi_srli_4               
0000c78c  __mspabi_srli_5               
0000c788  __mspabi_srli_6               
0000c784  __mspabi_srli_7               
0000c780  __mspabi_srli_8               
0000c77c  __mspabi_srli_9               
0000ca4e  __time32                      
0000c9fe  _c_int00_noargs               
00000378  _lock                         
0000cb64  _nop                          
0000fffe  _reset_vector                 
000003b0  _stack                        
0000cb66  _system_post_cinit            
0000cb60  _system_pre_init              
0000037a  _unlock                       
0000cb5a  abort                         
0000c7a2  assignbutton                  
0000ca66  clck                          
0000cb2e  clreg                         
00000340  code                          
00000360  count                         
00000373  echoBack                      
0000ca1a  enableinterrupt               
00000348  gencode                       
0000ca34  holdvalue                     
0000c654  initMSP                       
0000c6b2  initial                       
00000362  j                             
0000c2fc  ledglow                       
0000c000  main                          
0000cafa  memcpy                        
00000350  parmbuf                       
0000c8d0  play                          
00000364  r                             
0000c86a  rand                          
0000c3a2  randomcode                    
0000c58e  readButtons                   
0000cb48  rshift2                       
00000320  rxBuffer                      
00000371  rxBufferEnd                   
00000372  rxBufferError                 
00000370  rxBufferStart                 
00000366  s                             
0000c9ae  serialPrint                   
0000c250  serialPrintInt                
0000caac  serialPrintln                 
0000cb0c  serialWrite                   
0000cb3c  shiftButtons                  
0000ca7e  srand                         
0000ca4e  time                          
00000368  total                         
0000c49e  tune1                         
0000c516  tune2                         
0000036a  win                           
0000036c  x                             
0000036e  z                             


GLOBAL SYMBOLS: SORTED BY Symbol Address 

address   name                          
-------   ----                          
00000000  IE1                           
00000001  IE2                           
00000002  IFG1                          
00000003  IFG2                          
00000010  P3REN                         
00000018  P3IN                          
00000019  P3OUT                         
0000001a  P3DIR                         
0000001b  P3SEL                         
00000020  P1IN                          
00000021  P1OUT                         
00000022  P1DIR                         
00000023  P1IFG                         
00000024  P1IES                         
00000025  P1IE                          
00000026  P1SEL                         
00000027  P1REN                         
00000028  P2IN                          
00000029  P2OUT                         
0000002a  P2DIR                         
0000002b  P2IFG                         
0000002c  P2IES                         
0000002d  P2IE                          
0000002e  P2SEL                         
0000002f  P2REN                         
00000041  P1SEL2                        
00000042  P2SEL2                        
00000043  P3SEL2                        
00000048  ADC10DTC0                     
00000049  ADC10DTC1                     
0000004a  ADC10AE0                      
00000050  __STACK_SIZE                  
00000053  BCSCTL3                       
00000056  DCOCTL                        
00000057  BCSCTL1                       
00000058  BCSCTL2                       
00000059  CACTL1                        
0000005a  CACTL2                        
0000005b  CAPD                          
0000005d  UCA0ABCTL                     
0000005e  UCA0IRTCTL                    
0000005f  UCA0IRRCTL                    
00000060  UCA0CTL0                      
00000061  UCA0CTL1                      
00000062  UCA0BR0                       
00000063  UCA0BR1                       
00000064  UCA0MCTL                      
00000065  UCA0STAT                      
00000066  UCA0RXBUF                     
00000067  UCA0TXBUF                     
00000068  UCB0CTL0                      
00000069  UCB0CTL1                      
0000006a  UCB0BR0                       
0000006b  UCB0BR1                       
0000006c  UCB0I2CIE                     
0000006d  UCB0STAT                      
0000006e  UCB0RXBUF                     
0000006f  UCB0TXBUF                     
00000118  UCB0I2COA                     
0000011a  UCB0I2CSA                     
0000011e  TA1IV                         
00000120  WDTCTL                        
00000128  FCTL1                         
0000012a  FCTL2                         
0000012c  FCTL3                         
0000012e  TA0IV                         
00000160  TA0CTL                        
00000162  TA0CCTL0                      
00000164  TA0CCTL1                      
00000166  TA0CCTL2                      
00000170  TA0R                          
00000172  TA0CCR0                       
00000174  TA0CCR1                       
00000176  TA0CCR2                       
00000180  TA1CTL                        
00000182  TA1CCTL0                      
00000184  TA1CCTL1                      
00000186  TA1CCTL2                      
00000190  TA1R                          
00000192  TA1CCR0                       
00000194  TA1CCR1                       
00000196  TA1CCR2                       
000001b0  ADC10CTL0                     
000001b2  ADC10CTL1                     
000001b4  ADC10MEM                      
000001bc  ADC10SA                       
00000200  _CIOBUF_                      
00000320  rxBuffer                      
00000340  code                          
00000348  gencode                       
00000350  parmbuf                       
00000358  PB1                           
0000035a  PB2                           
0000035c  PB3                           
0000035e  PB4                           
00000360  count                         
00000362  j                             
00000364  r                             
00000366  s                             
00000368  total                         
0000036a  win                           
0000036c  x                             
0000036e  z                             
00000370  rxBufferStart                 
00000371  rxBufferEnd                   
00000372  rxBufferError                 
00000373  echoBack                      
00000378  _lock                         
0000037a  _unlock                       
000003b0  _stack                        
00000400  __STACK_END                   
000010c0  TLV_CHECKSUM                  
000010da  TLV_ADC10_1_TAG               
000010db  TLV_ADC10_1_LEN               
000010f6  TLV_DCO_30_TAG                
000010f7  TLV_DCO_30_LEN                
000010f8  CALDCO_16MHZ                  
000010f9  CALBC1_16MHZ                  
000010fa  CALDCO_12MHZ                  
000010fb  CALBC1_12MHZ                  
000010fc  CALDCO_8MHZ                   
000010fd  CALBC1_8MHZ                   
000010fe  CALDCO_1MHZ                   
000010ff  CALBC1_1MHZ                   
0000c000  main                          
0000c250  serialPrintInt                
0000c2fc  ledglow                       
0000c3a2  randomcode                    
0000c422  __TI_decompress_lzss          
0000c49e  tune1                         
0000c516  tune2                         
0000c58e  readButtons                   
0000c5f2  USCI0RX_ISR                   
0000c654  initMSP                       
0000c6b2  initial                       
0000c706  HOSTtime                      
0000c756  __mspabi_srli                 
0000c764  __mspabi_srli_15              
0000c768  __mspabi_srli_14              
0000c76c  __mspabi_srli_13              
0000c770  __mspabi_srli_12              
0000c774  __mspabi_srli_11              
0000c778  __mspabi_srli_10              
0000c77c  __mspabi_srli_9               
0000c780  __mspabi_srli_8               
0000c784  __mspabi_srli_7               
0000c788  __mspabi_srli_6               
0000c78c  __mspabi_srli_5               
0000c790  __mspabi_srli_4               
0000c794  __mspabi_srli_3               
0000c798  __mspabi_srli_2               
0000c79c  __mspabi_srli_1               
0000c7a2  assignbutton                  
0000c7ea  __TI_auto_init_nobinit_nopinit
0000c82c  __mspabi_slll_15              
0000c830  __mspabi_slll_14              
0000c834  __mspabi_slll_13              
0000c838  __mspabi_slll_12              
0000c83c  __mspabi_slll_11              
0000c840  __mspabi_slll_10              
0000c844  __mspabi_slll_9               
0000c848  __mspabi_slll_8               
0000c84c  __mspabi_slll_7               
0000c850  __mspabi_slll_6               
0000c854  __mspabi_slll_5               
0000c858  __mspabi_slll_4               
0000c85c  __mspabi_slll_3               
0000c860  __mspabi_slll_2               
0000c864  __mspabi_slll_1               
0000c86a  rand                          
0000c8a2  __TI_writemsg                 
0000c8cc  C$$IO$$                       
0000c8d0  play                          
0000c8fe  __TI_readmsg                  
0000c92a  __mspabi_srai                 
0000c936  __mspabi_srai_15              
0000c938  __mspabi_srai_14              
0000c93a  __mspabi_srai_13              
0000c93c  __mspabi_srai_12              
0000c93e  __mspabi_srai_11              
0000c940  __mspabi_srai_10              
0000c942  __mspabi_srai_9               
0000c944  __mspabi_srai_8               
0000c946  __mspabi_srai_7               
0000c948  __mspabi_srai_6               
0000c94a  __mspabi_srai_5               
0000c94c  __mspabi_srai_4               
0000c94e  __mspabi_srai_3               
0000c950  __mspabi_srai_2               
0000c952  __mspabi_srai_1               
0000c956  __mspabi_divi                 
0000c956  __mspabi_remi                 
0000c982  __mspabi_slli                 
0000c98e  __mspabi_slli_15              
0000c990  __mspabi_slli_14              
0000c992  __mspabi_slli_13              
0000c994  __mspabi_slli_12              
0000c996  __mspabi_slli_11              
0000c998  __mspabi_slli_10              
0000c99a  __mspabi_slli_9               
0000c99c  __mspabi_slli_8               
0000c99e  __mspabi_slli_7               
0000c9a0  __mspabi_slli_6               
0000c9a2  __mspabi_slli_5               
0000c9a4  __mspabi_slli_4               
0000c9a6  __mspabi_slli_3               
0000c9a8  __mspabi_slli_2               
0000c9aa  __mspabi_slli_1               
0000c9ae  serialPrint                   
0000c9d8  __mspabi_mpyl                 
0000c9d8  __mspabi_mpyl_sw              
0000c9fe  _c_int00_noargs               
0000ca1a  enableinterrupt               
0000ca34  holdvalue                     
0000ca4e  __time32                      
0000ca4e  time                          
0000ca66  clck                          
0000ca7e  srand                         
0000ca96  __mspabi_divu                 
0000ca96  __mspabi_remu                 
0000caac  serialPrintln                 
0000cac2  __TI_zero_init_nomemset       
0000cad6  Port_1                        
0000cae8  __TI_decompress_none          
0000cafa  memcpy                        
0000cb0c  serialWrite                   
0000cb1e  __mspabi_func_epilog_7        
0000cb20  __mspabi_func_epilog_6        
0000cb22  __mspabi_func_epilog_5        
0000cb24  __mspabi_func_epilog_4        
0000cb26  __mspabi_func_epilog_3        
0000cb28  __mspabi_func_epilog_2        
0000cb2a  __mspabi_func_epilog_1        
0000cb2e  clreg                         
0000cb3c  shiftButtons                  
0000cb48  rshift2                       
0000cb52  __TI_ISR_TRAP                 
0000cb5a  C$$EXIT                       
0000cb5a  abort                         
0000cb60  _system_pre_init              
0000cb64  _nop                          
0000cb66  _system_post_cinit            
0000cbba  __TI_Handler_Table_Base       
0000cbc0  __TI_Handler_Table_Limit      
0000cbc4  __TI_CINIT_Base               
0000cbcc  __TI_CINIT_Limit              
0000ffe0  __TI_int00                    
0000ffe4  __TI_int02                    
0000ffe6  __TI_int03                    
0000ffea  __TI_int05                    
0000ffec  __TI_int06                    
0000ffee  __TI_int07                    
0000fff0  __TI_int08                    
0000fff2  __TI_int09                    
0000fff4  __TI_int10                    
0000fff6  __TI_int11                    
0000fff8  __TI_int12                    
0000fffa  __TI_int13                    
0000fffc  __TI_int14                    
0000fffe  _reset_vector                 
ffffffff  __TI_pprof_out_hndl           
ffffffff  __TI_prof_data_size           
ffffffff  __TI_prof_data_start          
ffffffff  __c_args__                    

[264 symbols]
